12:27:07 **** Incremental Build of configuration Debug for project Lib_CMSISv1p30_LPC17xx ****
make -r -j16 all 
make[1]: Nothing to be done for 'main-build'.
Performing post-build steps
arm-none-eabi-size libCMSISv1p30_LPC17xx.a ; # arm-none-eabi-objdump -h -S libCMSISv1p30_LPC17xx.a >libCMSISv1p30_LPC17xx.lss
   text	   data	    bss	    dec	    hex	filename
    590	      0	      0	    590	    24e	core_cm3.o (ex libCMSISv1p30_LPC17xx.a)
   1064	      4	      0	   1068	    42c	system_LPC17xx.o (ex libCMSISv1p30_LPC17xx.a)
 
12:27:07 **** Incremental Build of configuration Debug for project Lib_MCU ****
make -r -j16 all 
make[1]: Nothing to be done for 'main-build'.
Performing post-build steps
arm-none-eabi-size libLib_MCU.a ; # arm-none-eabi-objdump -h -S libLib_MCU.a >libLib_MCU.lss
   text	   data	    bss	    dec	    hex	filename
   1250	      0	      0	   1250	    4e2	lpc17xx_adc.o (ex libLib_MCU.a)
  11102	      0	     12	  11114	   2b6a	lpc17xx_can.o (ex libLib_MCU.a)
    550	      0	      0	    550	    226	lpc17xx_clkpwr.o (ex libLib_MCU.a)
    374	      0	      0	    374	    176	lpc17xx_dac.o (ex libLib_MCU.a)
   2655	      0	  10852	  13507	   34c3	lpc17xx_emac.o (ex libLib_MCU.a)
    352	      0	      0	    352	    160	lpc17xx_exti.o (ex libLib_MCU.a)
   1552	     32	      0	   1584	    630	lpc17xx_gpdma.o (ex libLib_MCU.a)
   2114	      0	      0	   2114	    842	lpc17xx_gpio.o (ex libLib_MCU.a)
   5000	      0	     52	   5052	   13bc	lpc17xx_i2c.o (ex libLib_MCU.a)
   2748	      0	      0	   2748	    abc	lpc17xx_i2s.o (ex libLib_MCU.a)
     14	      0	      0	     14	      e	lpc17xx_libcfg_default.o (ex libLib_MCU.a)
   1808	      0	      0	   1808	    710	lpc17xx_mcpwm.o (ex libLib_MCU.a)
    232	      0	      0	    232	     e8	lpc17xx_nvic.o (ex libLib_MCU.a)
    550	      0	      0	    550	    226	lpc17xx_pinsel.o (ex libLib_MCU.a)
   2770	      0	      0	   2770	    ad2	lpc17xx_pwm.o (ex libLib_MCU.a)
   2212	      0	      0	   2212	    8a4	lpc17xx_qei.o (ex libLib_MCU.a)
    550	      0	      0	    550	    226	lpc17xx_rit.o (ex libLib_MCU.a)
   3898	      0	      0	   3898	    f3a	lpc17xx_rtc.o (ex libLib_MCU.a)
   1352	      0	      0	   1352	    548	lpc17xx_spi.o (ex libLib_MCU.a)
   2596	      0	      0	   2596	    a24	lpc17xx_ssp.o (ex libLib_MCU.a)
    494	      0	      0	    494	    1ee	lpc17xx_systick.o (ex libLib_MCU.a)
   2794	      0	      0	   2794	    aea	lpc17xx_timer.o (ex libLib_MCU.a)
   5553	      0	      0	   5553	   15b1	lpc17xx_uart.o (ex libLib_MCU.a)
    732	      0	      0	    732	    2dc	lpc17xx_wdt.o (ex libLib_MCU.a)
 
12:27:07 **** Incremental Build of configuration Debug for project Lib_EaBaseBoard ****
make -r -j16 all 
make[1]: Nothing to be done for 'main-build'.
Performing post-build steps
arm-none-eabi-size libLib_EaBaseBoard.a ; # arm-none-eabi-objdump -h -S libLib_EaBaseBoard.a >libLib_EaBaseBoard.lss
   text	   data	    bss	    dec	    hex	filename
    574	      0	      0	    574	    23e	acc.o (ex libLib_EaBaseBoard.a)
    590	      0	      0	    590	    24e	eeprom.o (ex libLib_EaBaseBoard.a)
   1359	     80	     12	   1451	    5ab	flash.o (ex libLib_EaBaseBoard.a)
    768	      0	      0	    768	    300	font5x7.o (ex libLib_EaBaseBoard.a)
    164	      0	      0	    164	     a4	joystick.o (ex libLib_EaBaseBoard.a)
    142	     80	      0	    222	     de	led7seg.o (ex libLib_EaBaseBoard.a)
   1170	      8	      0	   1178	    49a	light.o (ex libLib_EaBaseBoard.a)
   3020	      0	    768	   3788	    ecc	oled.o (ex libLib_EaBaseBoard.a)
   1042	      0	      6	   1048	    418	pca9532.o (ex libLib_EaBaseBoard.a)
    146	      0	      0	    146	     92	rgb.o (ex libLib_EaBaseBoard.a)
    232	      0	      0	    232	     e8	rotary.o (ex libLib_EaBaseBoard.a)
    276	      0	      4	    280	    118	temp.o (ex libLib_EaBaseBoard.a)
    840	      0	      1	    841	    349	uart2.o (ex libLib_EaBaseBoard.a)
 
12:27:07 **** Incremental Build of configuration Debug for project Lib_FatFs_SD ****
make -r -j16 all 
make[1]: Nothing to be done for 'main-build'.
Performing post-build steps
arm-none-eabi-size libLib_FatFs_SD.a ; # arm-none-eabi-objdump -h -S libLib_FatFs_SD.a >libLib_FatFs_SD.lss
   text	   data	    bss	    dec	    hex	filename
   9395	      0	     10	   9405	   24bd	ff.o (ex libLib_FatFs_SD.a)
   2818	      1	      4	   2823	    b07	mmc.o (ex libLib_FatFs_SD.a)
 
12:27:08 **** Incremental Build of configuration Debug for project mmc_fat ****
make -r -j16 all 
Building file: ../src/main.c
Invoking: MCU C Compiler
arm-none-eabi-gcc -DDEBUG -D__USE_CMSIS=CMSISv1p30_LPC17xx -D__CODE_RED -D__NEWLIB__ -I"C:\Users\student\Documents\SQL Class\Odtwarzacz-MP3-main\Lib_CMSISv1p30_LPC17xx\inc" -I"C:\Users\student\Documents\SQL Class\Odtwarzacz-MP3-main\Lib_EaBaseBoard\inc" -I"C:\Users\student\Documents\SQL Class\Odtwarzacz-MP3-main\Lib_FatFs_SD\inc" -I"C:\Users\student\Documents\SQL Class\Odtwarzacz-MP3-main\Lib_MCU\inc" -O0 -g3 -gdwarf-4 -Wall -c -fmessage-length=0 -fno-builtin -ffunction-sections -fmerge-constants -fmacro-prefix-map="../src/"= -mcpu=cortex-m3 -mthumb -D__NEWLIB__ -fstack-usage -MMD -MP -MF"src/main.d" -MT"src/main.o" -MT"src/main.d" -o "src/main.o" "../src/main.c"
../src/main.c: In function 'init_mp3_player':
../src/main.c:433:30: warning: the comparison will always evaluate as 'false' for the address of 'mp3ReadBuffer' will never be NULL [-Waddress]
  433 |     if (player.mp3ReadBuffer == NULL || player.pcmBuffer == NULL) {
      |                              ^~
../src/main.c:58:13: note: 'mp3ReadBuffer' declared here
   58 |     uint8_t mp3ReadBuffer[MP3_READ_BUFFER_SIZE] __attribute__((aligned(4)));  // Zapewnienie wyrównania 4-bajtowego
      |             ^~~~~~~~~~~~~
../src/main.c:433:58: warning: the comparison will always evaluate as 'false' for the address of 'pcmBuffer' will never be NULL [-Waddress]
  433 |     if (player.mp3ReadBuffer == NULL || player.pcmBuffer == NULL) {
      |                                                          ^~
../src/main.c:59:11: note: 'pcmBuffer' declared here
   59 |     short pcmBuffer[PCM_BUFFER_SIZE] __attribute__((aligned(4)));            // Zapewnienie wyrównania 4-bajtowego
      |           ^~~~~~~~~
../src/main.c: In function 'main':
../src/main.c:750:13: warning: variable 'lastRotB' set but not used [-Wunused-but-set-variable]
  750 |     uint8_t lastRotB = 1;               // Ostatni stan pinu B enkodera
      |             ^~~~~~~~
../src/main.c:630:9: warning: variable 'result' set but not used [-Wunused-but-set-variable]
  630 |     int result;     /* zmienna pomocnicza dla sprintf */
      |         ^~~~~~
../src/main.c: At top level:
../src/main.c:520:13: warning: 'prev_track' defined but not used [-Wunused-function]
  520 | static void prev_track(void)
      |             ^~~~~~~~~~
../src/main.c:112:17: warning: 'getTicks' defined but not used [-Wunused-function]
  112 | static uint32_t getTicks(void)
      |                 ^~~~~~~~
Finished building: ../src/main.c
 
Building target: mmc_fat.axf
Invoking: MCU Linker
arm-none-eabi-gcc -nostdlib -L"C:\Users\student\Documents\SQL Class\Odtwarzacz-MP3-main\Lib_CMSISv1p30_LPC17xx\Debug" -L"C:\Users\student\Documents\SQL Class\Odtwarzacz-MP3-main\Lib_EaBaseBoard\Debug" -L"C:\Users\student\Documents\SQL Class\Odtwarzacz-MP3-main\Lib_MCU\Debug" -L"C:\Users\student\Documents\SQL Class\Odtwarzacz-MP3-main\Lib_FatFs_SD\Debug" -Xlinker --gc-sections -Xlinker -Map=mmc_fat.map -mcpu=cortex-m3 -mthumb -T mmc_fat_Debug.ld -o "mmc_fat.axf" ./src/bitstream.o ./src/buffers.o ./src/cr_startup_lpc17.o ./src/dct32.o ./src/dequant.o ./src/dqchan.o ./src/fattime.o ./src/helix_mp3.o ./src/huffman.o ./src/hufftabs.o ./src/imdct.o ./src/main.o ./src/mp3dec.o ./src/mp3tabs.o ./src/polyphase.o ./src/scalfact.o ./src/stproc.o ./src/subband.o ./src/trigtabs.o    -lCMSISv1p30_LPC17xx -lLib_FatFs_SD -lLib_EaBaseBoard -lLib_MCU
Finished building target: mmc_fat.axf
 
Performing post-build steps
arm-none-eabi-size mmc_fat.axf; # arm-none-eabi-objdump -h -S mmc_fat.axf >mmc_fat.lss
   text	   data	    bss	    dec	    hex	filename
 131548	  20428	   1932	 153908	  25934	mmc_fat.axf
 
12:27:19 **** Incremental Build of configuration Debug for project Lib_CMSISv1p30_LPC17xx ****
make -r -j16 all 
make[1]: Nothing to be done for 'main-build'.
Performing post-build steps
arm-none-eabi-size libCMSISv1p30_LPC17xx.a ; # arm-none-eabi-objdump -h -S libCMSISv1p30_LPC17xx.a >libCMSISv1p30_LPC17xx.lss
   text	   data	    bss	    dec	    hex	filename
    590	      0	      0	    590	    24e	core_cm3.o (ex libCMSISv1p30_LPC17xx.a)
   1064	      4	      0	   1068	    42c	system_LPC17xx.o (ex libCMSISv1p30_LPC17xx.a)
 
12:27:19 **** Incremental Build of configuration Debug for project Lib_MCU ****
make -r -j16 all 
make[1]: Nothing to be done for 'main-build'.
Performing post-build steps
arm-none-eabi-size libLib_MCU.a ; # arm-none-eabi-objdump -h -S libLib_MCU.a >libLib_MCU.lss
   text	   data	    bss	    dec	    hex	filename
   1250	      0	      0	   1250	    4e2	lpc17xx_adc.o (ex libLib_MCU.a)
  11102	      0	     12	  11114	   2b6a	lpc17xx_can.o (ex libLib_MCU.a)
    550	      0	      0	    550	    226	lpc17xx_clkpwr.o (ex libLib_MCU.a)
    374	      0	      0	    374	    176	lpc17xx_dac.o (ex libLib_MCU.a)
   2655	      0	  10852	  13507	   34c3	lpc17xx_emac.o (ex libLib_MCU.a)
    352	      0	      0	    352	    160	lpc17xx_exti.o (ex libLib_MCU.a)
   1552	     32	      0	   1584	    630	lpc17xx_gpdma.o (ex libLib_MCU.a)
   2114	      0	      0	   2114	    842	lpc17xx_gpio.o (ex libLib_MCU.a)
   5000	      0	     52	   5052	   13bc	lpc17xx_i2c.o (ex libLib_MCU.a)
   2748	      0	      0	   2748	    abc	lpc17xx_i2s.o (ex libLib_MCU.a)
     14	      0	      0	     14	      e	lpc17xx_libcfg_default.o (ex libLib_MCU.a)
   1808	      0	      0	   1808	    710	lpc17xx_mcpwm.o (ex libLib_MCU.a)
    232	      0	      0	    232	     e8	lpc17xx_nvic.o (ex libLib_MCU.a)
    550	      0	      0	    550	    226	lpc17xx_pinsel.o (ex libLib_MCU.a)
   2770	      0	      0	   2770	    ad2	lpc17xx_pwm.o (ex libLib_MCU.a)
   2212	      0	      0	   2212	    8a4	lpc17xx_qei.o (ex libLib_MCU.a)
    550	      0	      0	    550	    226	lpc17xx_rit.o (ex libLib_MCU.a)
   3898	      0	      0	   3898	    f3a	lpc17xx_rtc.o (ex libLib_MCU.a)
   1352	      0	      0	   1352	    548	lpc17xx_spi.o (ex libLib_MCU.a)
   2596	      0	      0	   2596	    a24	lpc17xx_ssp.o (ex libLib_MCU.a)
    494	      0	      0	    494	    1ee	lpc17xx_systick.o (ex libLib_MCU.a)
   2794	      0	      0	   2794	    aea	lpc17xx_timer.o (ex libLib_MCU.a)
   5553	      0	      0	   5553	   15b1	lpc17xx_uart.o (ex libLib_MCU.a)
    732	      0	      0	    732	    2dc	lpc17xx_wdt.o (ex libLib_MCU.a)
 
12:27:20 **** Incremental Build of configuration Debug for project Lib_FatFs_SD ****
make -r -j16 all 
make[1]: Nothing to be done for 'main-build'.
Performing post-build steps
arm-none-eabi-size libLib_FatFs_SD.a ; # arm-none-eabi-objdump -h -S libLib_FatFs_SD.a >libLib_FatFs_SD.lss
   text	   data	    bss	    dec	    hex	filename
   9395	      0	     10	   9405	   24bd	ff.o (ex libLib_FatFs_SD.a)
   2818	      1	      4	   2823	    b07	mmc.o (ex libLib_FatFs_SD.a)
 
12:27:20 **** Incremental Build of configuration Debug for project Lib_EaBaseBoard ****
make -r -j16 all 
make[1]: Nothing to be done for 'main-build'.
Performing post-build steps
arm-none-eabi-size libLib_EaBaseBoard.a ; # arm-none-eabi-objdump -h -S libLib_EaBaseBoard.a >libLib_EaBaseBoard.lss
   text	   data	    bss	    dec	    hex	filename
    574	      0	      0	    574	    23e	acc.o (ex libLib_EaBaseBoard.a)
    590	      0	      0	    590	    24e	eeprom.o (ex libLib_EaBaseBoard.a)
   1359	     80	     12	   1451	    5ab	flash.o (ex libLib_EaBaseBoard.a)
    768	      0	      0	    768	    300	font5x7.o (ex libLib_EaBaseBoard.a)
    164	      0	      0	    164	     a4	joystick.o (ex libLib_EaBaseBoard.a)
    142	     80	      0	    222	     de	led7seg.o (ex libLib_EaBaseBoard.a)
   1170	      8	      0	   1178	    49a	light.o (ex libLib_EaBaseBoard.a)
   3020	      0	    768	   3788	    ecc	oled.o (ex libLib_EaBaseBoard.a)
   1042	      0	      6	   1048	    418	pca9532.o (ex libLib_EaBaseBoard.a)
    146	      0	      0	    146	     92	rgb.o (ex libLib_EaBaseBoard.a)
    232	      0	      0	    232	     e8	rotary.o (ex libLib_EaBaseBoard.a)
    276	      0	      4	    280	    118	temp.o (ex libLib_EaBaseBoard.a)
    840	      0	      1	    841	    349	uart2.o (ex libLib_EaBaseBoard.a)
 
12:27:20 **** Incremental Build of configuration Debug for project mmc_fat ****
make -r -j16 all 
make[1]: Nothing to be done for 'main-build'.
Performing post-build steps
arm-none-eabi-size mmc_fat.axf; # arm-none-eabi-objdump -h -S mmc_fat.axf >mmc_fat.lss
   text	   data	    bss	    dec	    hex	filename
 131548	  20428	   1932	 153908	  25934	mmc_fat.axf
 
12:27:21 **** Incremental Build of configuration Debug for project mmc_fat ****
make -r -j16 all 
make[1]: Nothing to be done for 'main-build'.
Performing post-build steps
arm-none-eabi-size mmc_fat.axf; # arm-none-eabi-objdump -h -S mmc_fat.axf >mmc_fat.lss
   text	   data	    bss	    dec	    hex	filename
 131548	  20428	   1932	 153908	  25934	mmc_fat.axf
 
