12:27:20 **** Incremental Build of configuration Debug for project Lib_FatFs_SD ****
make -r -j16 all 
make[1]: Nothing to be done for 'main-build'.
Performing post-build steps
arm-none-eabi-size libLib_FatFs_SD.a ; # arm-none-eabi-objdump -h -S libLib_FatFs_SD.a >libLib_FatFs_SD.lss
   text	   data	    bss	    dec	    hex	filename
   9395	      0	     10	   9405	   24bd	ff.o (ex libLib_FatFs_SD.a)
   2818	      1	      4	   2823	    b07	mmc.o (ex libLib_FatFs_SD.a)
 

12:27:20 Build Finished. 0 errors, 0 warnings. (took 156ms)

