12:27:19 **** Incremental Build of configuration Debug for project Lib_CMSISv1p30_LPC17xx ****
make -r -j16 all 
make[1]: Nothing to be done for 'main-build'.
Performing post-build steps
arm-none-eabi-size libCMSISv1p30_LPC17xx.a ; # arm-none-eabi-objdump -h -S libCMSISv1p30_LPC17xx.a >libCMSISv1p30_LPC17xx.lss
   text	   data	    bss	    dec	    hex	filename
    590	      0	      0	    590	    24e	core_cm3.o (ex libCMSISv1p30_LPC17xx.a)
   1064	      4	      0	   1068	    42c	system_LPC17xx.o (ex libCMSISv1p30_LPC17xx.a)
 

12:27:19 Build Finished. 0 errors, 0 warnings. (took 148ms)

